
   PASS  Tests\Unit\ExampleTest
  Γ£ô that true is true          0.01s  

   PASS  Tests\Feature\Auth\AuthenticationTest
  Γ£ô login screen can be rendeΓÇª 0.32s  
  Γ£ô users can authenticate usΓÇª 0.06s  
  Γ£ô users can not authenticatΓÇª 0.22s  
  Γ£ô users can logout           0.02s  

   PASS  Tests\Feature\Auth\EmailVerificationTest
  Γ£ô email verification screenΓÇª 0.02s  
  Γ£ô email can be verified      0.02s  
  Γ£ô email is not verified witΓÇª 0.02s  

   PASS  Tests\Feature\Auth\PasswordConfirmationTest
  Γ£ô confirm password screen cΓÇª 0.02s  
  Γ£ô password can be confirmed  0.02s  
  Γ£ô password is not confirmedΓÇª 0.23s  

   PASS  Tests\Feature\Auth\PasswordResetTest
  Γ£ô reset password link screeΓÇª 0.02s  
  Γ£ô reset password link can bΓÇª 0.23s  
  Γ£ô reset password screen canΓÇª 0.22s  
  Γ£ô password can be reset witΓÇª 0.24s  

   PASS  Tests\Feature\Auth\PasswordUpdateTest
  Γ£ô password can be updated    0.02s  
  Γ£ô correct password must beΓÇª  0.02s  

   PASS  Tests\Feature\Auth\RegistrationTest
  Γ£ô registration screen can bΓÇª 0.02s  
  Γ£ô new users can register     0.02s  

   FAIL  Tests\Feature\ExampleTest
  Γ¿» the application returns aΓÇª 1.21s  

   PASS  Tests\Feature\ProfileTest
  Γ£ô profile page is displayed  0.02s  
  Γ£ô profile information can bΓÇª 0.02s  
  Γ£ô email verification statusΓÇª 0.02s  
  Γ£ô user can delete their accΓÇª 0.02s  
  Γ£ô correct password must beΓÇª  0.02s  
  ΓöÇΓöÇΓöÇΓöÇΓöÇΓöÇΓöÇΓöÇΓöÇΓöÇΓöÇΓöÇΓöÇΓöÇΓöÇΓöÇΓöÇΓöÇΓöÇΓöÇΓöÇΓöÇΓöÇΓöÇΓöÇΓöÇΓöÇΓöÇΓöÇΓöÇΓöÇΓöÇΓöÇΓöÇ  
   FAILED  Tests\Feature\ExampleTeΓÇª   
  Expected response status code [200] but received 500.
Failed asserting that 500 is identical to 200.

The following exception occurred during the last request:

PDOException: SQLSTATE[HY000]: General error: 1 no such table: projects in C:\xampp\htdocs\Website-Portofolio\vendor\laravel\framework\src\Illuminate\Database\Connection.php:404
Stack trace:
#0 C:\xampp\htdocs\Website-Portofolio\vendor\laravel\framework\src\Illuminate\Database\Connection.php(404): PDO->prepare('select * from "...')
#1 C:\xampp\htdocs\Website-Portofolio\vendor\laravel\framework\src\Illuminate\Database\Connection.php(809): Illuminate\Database\Connection->Illuminate\Database\{closure}('select * from "...', Array)
#2 C:\xampp\htdocs\Website-Portofolio\vendor\laravel\framework\src\Illuminate\Database\Connection.php(776): Illuminate\Database\Connection->runQueryCallback('select * from "...', Array, Object(Closure))
#3 C:\xampp\htdocs\Website-Portofolio\vendor\laravel\framework\src\Illuminate\Database\Connection.php(395): Illuminate\Database\Connection->run('select * from "...', Array, Object(Closure))
#4 C:\xampp\htdocs\Website-Portofolio\vendor\laravel\framework\src\Illuminate\Database\Query\Builder.php(3131): Illuminate\Database\Connection->select('select * from "...', Array, true)
#5 C:\xampp\htdocs\Website-Portofolio\vendor\laravel\framework\src\Illuminate\Database\Query\Builder.php(3116): Illuminate\Database\Query\Builder->runSelect()
#6 C:\xampp\htdocs\Website-Portofolio\vendor\laravel\framework\src\Illuminate\Database\Query\Builder.php(3706): Illuminate\Database\Query\Builder->Illuminate\Database\Query\{closure}()
#7 C:\xampp\htdocs\Website-Portofolio\vendor\laravel\framework\src\Illuminate\Database\Query\Builder.php(3115): Illuminate\Database\Query\Builder->onceWithColumns(Array, Object(Closure))
#8 C:\xampp\htdocs\Website-Portofolio\vendor\laravel\framework\src\Illuminate\Database\Eloquent\Builder.php(872): Illuminate\Database\Query\Builder->get(Array)
#9 C:\xampp\htdocs\Website-Portofolio\vendor\laravel\framework\src\Illuminate\Database\Eloquent\Builder.php(854): Illuminate\Database\Eloquent\Builder->getModels(Array)
#10 C:\xampp\htdocs\Website-Portofolio\routes\web.php(28): Illuminate\Database\Eloquent\Builder->get()
#11 C:\xampp\htdocs\Website-Portofolio\vendor\laravel\framework\src\Illuminate\Routing\CallableDispatcher.php(39): Illuminate\Routing\RouteFileRegistrar->{closure}()
#12 C:\xampp\htdocs\Website-Portofolio\vendor\laravel\framework\src\Illuminate\Routing\Route.php(243): Illuminate\Routing\CallableDispatcher->dispatch(Object(Illuminate\Routing\Route), Object(Closure))
#13 C:\xampp\htdocs\Website-Portofolio\vendor\laravel\framework\src\Illuminate\Routing\Route.php(214): Illuminate\Routing\Route->runCallable()
#14 C:\xampp\htdocs\Website-Portofolio\vendor\laravel\framework\src\Illuminate\Routing\Router.php(808): Illuminate\Routing\Route->run()
#15 C:\xampp\htdocs\Website-Portofolio\vendor\laravel\framework\src\Illuminate\Pipeline\Pipeline.php(169): Illuminate\Routing\Router->Illuminate\Routing\{closure}(Object(Illuminate\Http\Request))
#16 C:\xampp\htdocs\Website-Portofolio\vendor\laravel\framework\src\Illuminate\Http\Middleware\AddLinkHeadersForPreloadedAssets.php(32): Illuminate\Pipeline\Pipeline->Illuminate\Pipeline\{closure}(Object(Illuminate\Http\Request))
#17 C:\xampp\htdocs\Website-Portofolio\vendor\laravel\framework\src\Illuminate\Pipeline\Pipeline.php(208): Illuminate\Http\Middleware\AddLinkHeadersForPreloadedAssets->handle(Object(Illuminate\Http\Request), Object(Closure))
#18 C:\xampp\htdocs\Website-Portofolio\vendor\inertiajs\inertia-laravel\src\Middleware.php(86): Illuminate\Pipeline\Pipeline->Illuminate\Pipeline\{closure}(Object(Illuminate\Http\Request))
#19 C:\xampp\htdocs\Website-Portofolio\vendor\laravel\framework\src\Illuminate\Pipeline\Pipeline.php(208): Inertia\Middleware->handle(Object(Illuminate\Http\Request), Object(Closure))
#20 C:\xampp\htdocs\Website-Portofolio\vendor\laravel\framework\src\Illuminate\Routing\Middleware\SubstituteBindings.php(50): Illuminate\Pipeline\Pipeline->Illuminate\Pipeline\{closure}(Object(Illuminate\Http\Request))
#21 C:\xampp\htdocs\Website-Portofolio\vendor\laravel\framework\src\Illuminate\Pipeline\Pipeline.php(208): Illuminate\Routing\Middleware\SubstituteBindings->handle(Object(Illuminate\Http\Request), Object(Closure))
#22 C:\xampp\htdocs\Website-Portofolio\vendor\laravel\framework\src\Illuminate\Foundation\Http\Middleware\VerifyCsrfToken.php(87): Illuminate\Pipeline\Pipeline->Illuminate\Pipeline\{closure}(Object(Illuminate\Http\Request))
#23 C:\xampp\htdocs\Website-Portofolio\vendor\laravel\framework\src\Illuminate\Pipeline\Pipeline.php(208): Illuminate\Foundation\Http\Middleware\VerifyCsrfToken->handle(Object(Illuminate\Http\Request), Object(Closure))
#24 C:\xampp\htdocs\Website-Portofolio\vendor\laravel\framework\src\Illuminate\View\Middleware\ShareErrorsFromSession.php(48): Illuminate\Pipeline\Pipeline->Illuminate\Pipeline\{closure}(Object(Illuminate\Http\Request))
#25 C:\xampp\htdocs\Website-Portofolio\vendor\laravel\framework\src\Illuminate\Pipeline\Pipeline.php(208): Illuminate\View\Middleware\ShareErrorsFromSession->handle(Object(Illuminate\Http\Request), Object(Closure))
#26 C:\xampp\htdocs\Website-Portofolio\vendor\laravel\framework\src\Illuminate\Session\Middleware\StartSession.php(120): Illuminate\Pipeline\Pipeline->Illuminate\Pipeline\{closure}(Object(Illuminate\Http\Request))
#27 C:\xampp\htdocs\Website-Portofolio\vendor\laravel\framework\src\Illuminate\Session\Middleware\StartSession.php(63): Illuminate\Session\Middleware\StartSession->handleStatefulRequest(Object(Illuminate\Http\Request), Object(Illuminate\Session\Store), Object(Closure))
#28 C:\xampp\htdocs\Website-Portofolio\vendor\laravel\framework\src\Illuminate\Pipeline\Pipeline.php(208): Illuminate\Session\Middleware\StartSession->handle(Object(Illuminate\Http\Request), Object(Closure))
#29 C:\xampp\htdocs\Website-Portofolio\vendor\laravel\framework\src\Illuminate\Cookie\Middleware\AddQueuedCookiesToResponse.php(36): Illuminate\Pipeline\Pipeline->Illuminate\Pipeline\{closure}(Object(Illuminate\Http\Request))
#30 C:\xampp\htdocs\Website-Portofolio\vendor\laravel\framework\src\Illuminate\Pipeline\Pipeline.php(208): Illuminate\Cookie\Middleware\AddQueuedCookiesToResponse->handle(Object(Illuminate\Http\Request), Object(Closure))
#31 C:\xampp\htdocs\Website-Portofolio\vendor\laravel\framework\src\Illuminate\Cookie\Middleware\EncryptCookies.php(74): Illuminate\Pipeline\Pipeline->Illuminate\Pipeline\{closure}(Object(Illuminate\Http\Request))
#32 C:\xampp\htdocs\Website-Portofolio\vendor\laravel\framework\src\Illuminate\Pipeline\Pipeline.php(208): Illuminate\Cookie\Middleware\EncryptCookies->handle(Object(Illuminate\Http\Request), Object(Closure))
#33 C:\xampp\htdocs\Website-Portofolio\vendor\laravel\framework\src\Illuminate\Pipeline\Pipeline.php(126): Illuminate\Pipeline\Pipeline->Illuminate\Pipeline\{closure}(Object(Illuminate\Http\Request))
#34 C:\xampp\htdocs\Website-Portofolio\vendor\laravel\framework\src\Illuminate\Routing\Router.php(807): Illuminate\Pipeline\Pipeline->then(Object(Closure))
#35 C:\xampp\htdocs\Website-Portofolio\vendor\laravel\framework\src\Illuminate\Routing\Router.php(786): Illuminate\Routing\Router->runRouteWithinStack(Object(Illuminate\Routing\Route), Object(Illuminate\Http\Request))
#36 C:\xampp\htdocs\Website-Portofolio\vendor\laravel\framework\src\Illuminate\Routing\Router.php(750): Illuminate\Routing\Router->runRoute(Object(Illuminate\Http\Request), Object(Illuminate\Routing\Route))
#37 C:\xampp\htdocs\Website-Portofolio\vendor\laravel\framework\src\Illuminate\Routing\Router.php(739): Illuminate\Routing\Router->dispatchToRoute(Object(Illuminate\Http\Request))
#38 C:\xampp\htdocs\Website-Portofolio\vendor\laravel\framework\src\Illuminate\Foundation\Http\Kernel.php(200): Illuminate\Routing\Router->dispatch(Object(Illuminate\Http\Request))
#39 C:\xampp\htdocs\Website-Portofolio\vendor\laravel\framework\src\Illuminate\Pipeline\Pipeline.php(169): Illuminate\Foundation\Http\Kernel->Illuminate\Foundation\Http\{closure}(Object(Illuminate\Http\Request))
#40 C:\xampp\htdocs\Website-Portofolio\vendor\laravel\framework\src\Illuminate\Foundation\Http\Middleware\TransformsRequest.php(21): Illuminate\Pipeline\Pipeline->Illuminate\Pipeline\{closure}(Object(Illuminate\Http\Request))
#41 C:\xampp\htdocs\Website-Portofolio\vendor\laravel\framework\src\Illuminate\Foundation\Http\Middleware\ConvertEmptyStringsToNull.php(31): Illuminate\Foundation\Http\Middleware\TransformsRequest->handle(Object(Illuminate\Http\Request), Object(Closure))
#42 C:\xampp\htdocs\Website-Portofolio\vendor\laravel\framework\src\Illuminate\Pipeline\Pipeline.php(208): Illuminate\Foundation\Http\Middleware\ConvertEmptyStringsToNull->handle(Object(Illuminate\Http\Request), Object(Closure))
#43 C:\xampp\htdocs\Website-Portofolio\vendor\laravel\framework\src\Illuminate\Foundation\Http\Middleware\TransformsRequest.php(21): Illuminate\Pipeline\Pipeline->Illuminate\Pipeline\{closure}(Object(Illuminate\Http\Request))
#44 C:\xampp\htdocs\Website-Portofolio\vendor\laravel\framework\src\Illuminate\Foundation\Http\Middleware\TrimStrings.php(51): Illuminate\Foundation\Http\Middleware\TransformsRequest->handle(Object(Illuminate\Http\Request), Object(Closure))
#45 C:\xampp\htdocs\Website-Portofolio\vendor\laravel\framework\src\Illuminate\Pipeline\Pipeline.php(208): Illuminate\Foundation\Http\Middleware\TrimStrings->handle(Object(Illuminate\Http\Request), Object(Closure))
#46 C:\xampp\htdocs\Website-Portofolio\vendor\laravel\framework\src\Illuminate\Http\Middleware\ValidatePostSize.php(27): Illuminate\Pipeline\Pipeline->Illuminate\Pipeline\{closure}(Object(Illuminate\Http\Request))
#47 C:\xampp\htdocs\Website-Portofolio\vendor\laravel\framework\src\Illuminate\Pipeline\Pipeline.php(208): Illuminate\Http\Middleware\ValidatePostSize->handle(Object(Illuminate\Http\Request), Object(Closure))
#48 C:\xampp\htdocs\Website-Portofolio\vendor\laravel\framework\src\Illuminate\Foundation\Http\Middleware\PreventRequestsDuringMaintenance.php(109): Illuminate\Pipeline\Pipeline->Illuminate\Pipeline\{closure}(Object(Illuminate\Http\Request))
#49 C:\xampp\htdocs\Website-Portofolio\vendor\laravel\framework\src\Illuminate\Pipeline\Pipeline.php(208): Illuminate\Foundation\Http\Middleware\PreventRequestsDuringMaintenance->handle(Object(Illuminate\Http\Request), Object(Closure))
#50 C:\xampp\htdocs\Website-Portofolio\vendor\laravel\framework\src\Illuminate\Http\Middleware\HandleCors.php(48): Illuminate\Pipeline\Pipeline->Illuminate\Pipeline\{closure}(Object(Illuminate\Http\Request))
#51 C:\xampp\htdocs\Website-Portofolio\vendor\laravel\framework\src\Illuminate\Pipeline\Pipeline.php(208): Illuminate\Http\Middleware\HandleCors->handle(Object(Illuminate\Http\Request), Object(Closure))
#52 C:\xampp\htdocs\Website-Portofolio\vendor\laravel\framework\src\Illuminate\Http\Middleware\TrustProxies.php(58): Illuminate\Pipeline\Pipeline->Illuminate\Pipeline\{closure}(Object(Illuminate\Http\Request))
#53 C:\xampp\htdocs\Website-Portofolio\vendor\laravel\framework\src\Illuminate\Pipeline\Pipeline.php(208): Illuminate\Http\Middleware\TrustProxies->handle(Object(Illuminate\Http\Request), Object(Closure))
#54 C:\xampp\htdocs\Website-Portofolio\vendor\laravel\framework\src\Illuminate\Foundation\Http\Middleware\InvokeDeferredCallbacks.php(22): Illuminate\Pipeline\Pipeline->Illuminate\Pipeline\{closure}(Object(Illuminate\Http\Request))
#55 C:\xampp\htdocs\Website-Portofolio\vendor\laravel\framework\src\Illuminate\Pipeline\Pipeline.php(208): Illuminate\Foundation\Http\Middleware\InvokeDeferredCallbacks->handle(Object(Illuminate\Http\Request), Object(Closure))
#56 C:\xampp\htdocs\Website-Portofolio\vendor\laravel\framework\src\Illuminate\Http\Middleware\ValidatePathEncoding.php(26): Illuminate\Pipeline\Pipeline->Illuminate\Pipeline\{closure}(Object(Illuminate\Http\Request))
#57 C:\xampp\htdocs\Website-Portofolio\vendor\laravel\framework\src\Illuminate\Pipeline\Pipeline.php(208): Illuminate\Http\Middleware\ValidatePathEncoding->handle(Object(Illuminate\Http\Request), Object(Closure))
#58 C:\xampp\htdocs\Website-Portofolio\vendor\laravel\framework\src\Illuminate\Pipeline\Pipeline.php(126): Illuminate\Pipeline\Pipeline->Illuminate\Pipeline\{closure}(Object(Illuminate\Http\Request))
#59 C:\xampp\htdocs\Website-Portofolio\vendor\laravel\framework\src\Illuminate\Foundation\Http\Kernel.php(175): Illuminate\Pipeline\Pipeline->then(Object(Closure))
#60 C:\xampp\htdocs\Website-Portofolio\vendor\laravel\framework\src\Illuminate\Foundation\Http\Kernel.php(144): Illuminate\Foundation\Http\Kernel->sendRequestThroughRouter(Object(Illuminate\Http\Request))
#61 C:\xampp\htdocs\Website-Portofolio\vendor\laravel\framework\src\Illuminate\Foundation\Testing\Concerns\MakesHttpRequests.php(607): Illuminate\Foundation\Http\Kernel->handle(Object(Illuminate\Http\Request))
#62 C:\xampp\htdocs\Website-Portofolio\vendor\laravel\framework\src\Illuminate\Foundation\Testing\Concerns\MakesHttpRequests.php(368): Illuminate\Foundation\Testing\TestCase->call('GET', '/', Array, Array, Array, Array)
#63 C:\xampp\htdocs\Website-Portofolio\tests\Feature\ExampleTest.php(15): Illuminate\Foundation\Testing\TestCase->get('/')
#64 C:\xampp\htdocs\Website-Portofolio\vendor\phpunit\phpunit\src\Framework\TestCase.php(1656): Tests\Feature\ExampleTest->test_the_application_returns_a_successful_response()
#65 C:\xampp\htdocs\Website-Portofolio\vendor\phpunit\phpunit\src\Framework\TestCase.php(514): PHPUnit\Framework\TestCase->runTest()
#66 C:\xampp\htdocs\Website-Portofolio\vendor\phpunit\phpunit\src\Framework\TestRunner\TestRunner.php(87): PHPUnit\Framework\TestCase->runBare()
#67 C:\xampp\htdocs\Website-Portofolio\vendor\phpunit\phpunit\src\Framework\TestCase.php(361): PHPUnit\Framework\TestRunner->run(Object(Tests\Feature\ExampleTest))
#68 C:\xampp\htdocs\Website-Portofolio\vendor\phpunit\phpunit\src\Framework\TestSuite.php(369): PHPUnit\Framework\TestCase->run()
#69 C:\xampp\htdocs\Website-Portofolio\vendor\phpunit\phpunit\src\Framework\TestSuite.php(369): PHPUnit\Framework\TestSuite->run()
#70 C:\xampp\htdocs\Website-Portofolio\vendor\phpunit\phpunit\src\Framework\TestSuite.php(369): PHPUnit\Framework\TestSuite->run()
#71 C:\xampp\htdocs\Website-Portofolio\vendor\phpunit\phpunit\src\TextUI\TestRunner.php(64): PHPUnit\Framework\TestSuite->run()
#72 C:\xampp\htdocs\Website-Portofolio\vendor\phpunit\phpunit\src\TextUI\Application.php(210): PHPUnit\TextUI\TestRunner->run(Object(PHPUnit\TextUI\Configuration\Configuration), Object(PHPUnit\Runner\ResultCache\DefaultResultCache), Object(PHPUnit\Framework\TestSuite))
#73 C:\xampp\htdocs\Website-Portofolio\vendor\phpunit\phpunit\phpunit(104): PHPUnit\TextUI\Application->run(Array)
#74 {main}

Next Illuminate\Database\QueryException: SQLSTATE[HY000]: General error: 1 no such table: projects (Connection: sqlite, SQL: select * from "projects" where "is_active" = 1 order by "order" asc, "created_at" desc) in C:\xampp\htdocs\Website-Portofolio\vendor\laravel\framework\src\Illuminate\Database\Connection.php:822
Stack trace:
#0 C:\xampp\htdocs\Website-Portofolio\vendor\laravel\framework\src\Illuminate\Database\Connection.php(776): Illuminate\Database\Connection->runQueryCallback('select * from "...', Array, Object(Closure))
#1 C:\xampp\htdocs\Website-Portofolio\vendor\laravel\framework\src\Illuminate\Database\Connection.php(395): Illuminate\Database\Connection->run('select * from "...', Array, Object(Closure))
#2 C:\xampp\htdocs\Website-Portofolio\vendor\laravel\framework\src\Illuminate\Database\Query\Builder.php(3131): Illuminate\Database\Connection->select('select * from "...', Array, true)
#3 C:\xampp\htdocs\Website-Portofolio\vendor\laravel\framework\src\Illuminate\Database\Query\Builder.php(3116): Illuminate\Database\Query\Builder->runSelect()
#4 C:\xampp\htdocs\Website-Portofolio\vendor\laravel\framework\src\Illuminate\Database\Query\Builder.php(3706): Illuminate\Database\Query\Builder->Illuminate\Database\Query\{closure}()
#5 C:\xampp\htdocs\Website-Portofolio\vendor\laravel\framework\src\Illuminate\Database\Query\Builder.php(3115): Illuminate\Database\Query\Builder->onceWithColumns(Array, Object(Closure))
#6 C:\xampp\htdocs\Website-Portofolio\vendor\laravel\framework\src\Illuminate\Database\Eloquent\Builder.php(872): Illuminate\Database\Query\Builder->get(Array)
#7 C:\xampp\htdocs\Website-Portofolio\vendor\laravel\framework\src\Illuminate\Database\Eloquent\Builder.php(854): Illuminate\Database\Eloquent\Builder->getModels(Array)
#8 C:\xampp\htdocs\Website-Portofolio\routes\web.php(28): Illuminate\Database\Eloquent\Builder->get()
#9 C:\xampp\htdocs\Website-Portofolio\vendor\laravel\framework\src\Illuminate\Routing\CallableDispatcher.php(39): Illuminate\Routing\RouteFileRegistrar->{closure}()
#10 C:\xampp\htdocs\Website-Portofolio\vendor\laravel\framework\src\Illuminate\Routing\Route.php(243): Illuminate\Routing\CallableDispatcher->dispatch(Object(Illuminate\Routing\Route), Object(Closure))
#11 C:\xampp\htdocs\Website-Portofolio\vendor\laravel\framework\src\Illuminate\Routing\Route.php(214): Illuminate\Routing\Route->runCallable()
#12 C:\xampp\htdocs\Website-Portofolio\vendor\laravel\framework\src\Illuminate\Routing\Router.php(808): Illuminate\Routing\Route->run()
#13 C:\xampp\htdocs\Website-Portofolio\vendor\laravel\framework\src\Illuminate\Pipeline\Pipeline.php(169): Illuminate\Routing\Router->Illuminate\Routing\{closure}(Object(Illuminate\Http\Request))
#14 C:\xampp\htdocs\Website-Portofolio\vendor\laravel\framework\src\Illuminate\Http\Middleware\AddLinkHeadersForPreloadedAssets.php(32): Illuminate\Pipeline\Pipeline->Illuminate\Pipeline\{closure}(Object(Illuminate\Http\Request))
#15 C:\xampp\htdocs\Website-Portofolio\vendor\laravel\framework\src\Illuminate\Pipeline\Pipeline.php(208): Illuminate\Http\Middleware\AddLinkHeadersForPreloadedAssets->handle(Object(Illuminate\Http\Request), Object(Closure))
#16 C:\xampp\htdocs\Website-Portofolio\vendor\inertiajs\inertia-laravel\src\Middleware.php(86): Illuminate\Pipeline\Pipeline->Illuminate\Pipeline\{closure}(Object(Illuminate\Http\Request))
#17 C:\xampp\htdocs\Website-Portofolio\vendor\laravel\framework\src\Illuminate\Pipeline\Pipeline.php(208): Inertia\Middleware->handle(Object(Illuminate\Http\Request), Object(Closure))
#18 C:\xampp\htdocs\Website-Portofolio\vendor\laravel\framework\src\Illuminate\Routing\Middleware\SubstituteBindings.php(50): Illuminate\Pipeline\Pipeline->Illuminate\Pipeline\{closure}(Object(Illuminate\Http\Request))
#19 C:\xampp\htdocs\Website-Portofolio\vendor\laravel\framework\src\Illuminate\Pipeline\Pipeline.php(208): Illuminate\Routing\Middleware\SubstituteBindings->handle(Object(Illuminate\Http\Request), Object(Closure))
#20 C:\xampp\htdocs\Website-Portofolio\vendor\laravel\framework\src\Illuminate\Foundation\Http\Middleware\VerifyCsrfToken.php(87): Illuminate\Pipeline\Pipeline->Illuminate\Pipeline\{closure}(Object(Illuminate\Http\Request))
#21 C:\xampp\htdocs\Website-Portofolio\vendor\laravel\framework\src\Illuminate\Pipeline\Pipeline.php(208): Illuminate\Foundation\Http\Middleware\VerifyCsrfToken->handle(Object(Illuminate\Http\Request), Object(Closure))
#22 C:\xampp\htdocs\Website-Portofolio\vendor\laravel\framework\src\Illuminate\View\Middleware\ShareErrorsFromSession.php(48): Illuminate\Pipeline\Pipeline->Illuminate\Pipeline\{closure}(Object(Illuminate\Http\Request))
#23 C:\xampp\htdocs\Website-Portofolio\vendor\laravel\framework\src\Illuminate\Pipeline\Pipeline.php(208): Illuminate\View\Middleware\ShareErrorsFromSession->handle(Object(Illuminate\Http\Request), Object(Closure))
#24 C:\xampp\htdocs\Website-Portofolio\vendor\laravel\framework\src\Illuminate\Session\Middleware\StartSession.php(120): Illuminate\Pipeline\Pipeline->Illuminate\Pipeline\{closure}(Object(Illuminate\Http\Request))
#25 C:\xampp\htdocs\Website-Portofolio\vendor\laravel\framework\src\Illuminate\Session\Middleware\StartSession.php(63): Illuminate\Session\Middleware\StartSession->handleStatefulRequest(Object(Illuminate\Http\Request), Object(Illuminate\Session\Store), Object(Closure))
#26 C:\xampp\htdocs\Website-Portofolio\vendor\laravel\framework\src\Illuminate\Pipeline\Pipeline.php(208): Illuminate\Session\Middleware\StartSession->handle(Object(Illuminate\Http\Request), Object(Closure))
#27 C:\xampp\htdocs\Website-Portofolio\vendor\laravel\framework\src\Illuminate\Cookie\Middleware\AddQueuedCookiesToResponse.php(36): Illuminate\Pipeline\Pipeline->Illuminate\Pipeline\{closure}(Object(Illuminate\Http\Request))
#28 C:\xampp\htdocs\Website-Portofolio\vendor\laravel\framework\src\Illuminate\Pipeline\Pipeline.php(208): Illuminate\Cookie\Middleware\AddQueuedCookiesToResponse->handle(Object(Illuminate\Http\Request), Object(Closure))
#29 C:\xampp\htdocs\Website-Portofolio\vendor\laravel\framework\src\Illuminate\Cookie\Middleware\EncryptCookies.php(74): Illuminate\Pipeline\Pipeline->Illuminate\Pipeline\{closure}(Object(Illuminate\Http\Request))
#30 C:\xampp\htdocs\Website-Portofolio\vendor\laravel\framework\src\Illuminate\Pipeline\Pipeline.php(208): Illuminate\Cookie\Middleware\EncryptCookies->handle(Object(Illuminate\Http\Request), Object(Closure))
#31 C:\xampp\htdocs\Website-Portofolio\vendor\laravel\framework\src\Illuminate\Pipeline\Pipeline.php(126): Illuminate\Pipeline\Pipeline->Illuminate\Pipeline\{closure}(Object(Illuminate\Http\Request))
#32 C:\xampp\htdocs\Website-Portofolio\vendor\laravel\framework\src\Illuminate\Routing\Router.php(807): Illuminate\Pipeline\Pipeline->then(Object(Closure))
#33 C:\xampp\htdocs\Website-Portofolio\vendor\laravel\framework\src\Illuminate\Routing\Router.php(786): Illuminate\Routing\Router->runRouteWithinStack(Object(Illuminate\Routing\Route), Object(Illuminate\Http\Request))
#34 C:\xampp\htdocs\Website-Portofolio\vendor\laravel\framework\src\Illuminate\Routing\Router.php(750): Illuminate\Routing\Router->runRoute(Object(Illuminate\Http\Request), Object(Illuminate\Routing\Route))
#35 C:\xampp\htdocs\Website-Portofolio\vendor\laravel\framework\src\Illuminate\Routing\Router.php(739): Illuminate\Routing\Router->dispatchToRoute(Object(Illuminate\Http\Request))
#36 C:\xampp\htdocs\Website-Portofolio\vendor\laravel\framework\src\Illuminate\Foundation\Http\Kernel.php(200): Illuminate\Routing\Router->dispatch(Object(Illuminate\Http\Request))
#37 C:\xampp\htdocs\Website-Portofolio\vendor\laravel\framework\src\Illuminate\Pipeline\Pipeline.php(169): Illuminate\Foundation\Http\Kernel->Illuminate\Foundation\Http\{closure}(Object(Illuminate\Http\Request))
#38 C:\xampp\htdocs\Website-Portofolio\vendor\laravel\framework\src\Illuminate\Foundation\Http\Middleware\TransformsRequest.php(21): Illuminate\Pipeline\Pipeline->Illuminate\Pipeline\{closure}(Object(Illuminate\Http\Request))
#39 C:\xampp\htdocs\Website-Portofolio\vendor\laravel\framework\src\Illuminate\Foundation\Http\Middleware\ConvertEmptyStringsToNull.php(31): Illuminate\Foundation\Http\Middleware\TransformsRequest->handle(Object(Illuminate\Http\Request), Object(Closure))
#40 C:\xampp\htdocs\Website-Portofolio\vendor\laravel\framework\src\Illuminate\Pipeline\Pipeline.php(208): Illuminate\Foundation\Http\Middleware\ConvertEmptyStringsToNull->handle(Object(Illuminate\Http\Request), Object(Closure))
#41 C:\xampp\htdocs\Website-Portofolio\vendor\laravel\framework\src\Illuminate\Foundation\Http\Middleware\TransformsRequest.php(21): Illuminate\Pipeline\Pipeline->Illuminate\Pipeline\{closure}(Object(Illuminate\Http\Request))
#42 C:\xampp\htdocs\Website-Portofolio\vendor\laravel\framework\src\Illuminate\Foundation\Http\Middleware\TrimStrings.php(51): Illuminate\Foundation\Http\Middleware\TransformsRequest->handle(Object(Illuminate\Http\Request), Object(Closure))
#43 C:\xampp\htdocs\Website-Portofolio\vendor\laravel\framework\src\Illuminate\Pipeline\Pipeline.php(208): Illuminate\Foundation\Http\Middleware\TrimStrings->handle(Object(Illuminate\Http\Request), Object(Closure))
#44 C:\xampp\htdocs\Website-Portofolio\vendor\laravel\framework\src\Illuminate\Http\Middleware\ValidatePostSize.php(27): Illuminate\Pipeline\Pipeline->Illuminate\Pipeline\{closure}(Object(Illuminate\Http\Request))
#45 C:\xampp\htdocs\Website-Portofolio\vendor\laravel\framework\src\Illuminate\Pipeline\Pipeline.php(208): Illuminate\Http\Middleware\ValidatePostSize->handle(Object(Illuminate\Http\Request), Object(Closure))
#46 C:\xampp\htdocs\Website-Portofolio\vendor\laravel\framework\src\Illuminate\Foundation\Http\Middleware\PreventRequestsDuringMaintenance.php(109): Illuminate\Pipeline\Pipeline->Illuminate\Pipeline\{closure}(Object(Illuminate\Http\Request))
#47 C:\xampp\htdocs\Website-Portofolio\vendor\laravel\framework\src\Illuminate\Pipeline\Pipeline.php(208): Illuminate\Foundation\Http\Middleware\PreventRequestsDuringMaintenance->handle(Object(Illuminate\Http\Request), Object(Closure))
#48 C:\xampp\htdocs\Website-Portofolio\vendor\laravel\framework\src\Illuminate\Http\Middleware\HandleCors.php(48): Illuminate\Pipeline\Pipeline->Illuminate\Pipeline\{closure}(Object(Illuminate\Http\Request))
#49 C:\xampp\htdocs\Website-Portofolio\vendor\laravel\framework\src\Illuminate\Pipeline\Pipeline.php(208): Illuminate\Http\Middleware\HandleCors->handle(Object(Illuminate\Http\Request), Object(Closure))
#50 C:\xampp\htdocs\Website-Portofolio\vendor\laravel\framework\src\Illuminate\Http\Middleware\TrustProxies.php(58): Illuminate\Pipeline\Pipeline->Illuminate\Pipeline\{closure}(Object(Illuminate\Http\Request))
#51 C:\xampp\htdocs\Website-Portofolio\vendor\laravel\framework\src\Illuminate\Pipeline\Pipeline.php(208): Illuminate\Http\Middleware\TrustProxies->handle(Object(Illuminate\Http\Request), Object(Closure))
#52 C:\xampp\htdocs\Website-Portofolio\vendor\laravel\framework\src\Illuminate\Foundation\Http\Middleware\InvokeDeferredCallbacks.php(22): Illuminate\Pipeline\Pipeline->Illuminate\Pipeline\{closure}(Object(Illuminate\Http\Request))
#53 C:\xampp\htdocs\Website-Portofolio\vendor\laravel\framework\src\Illuminate\Pipeline\Pipeline.php(208): Illuminate\Foundation\Http\Middleware\InvokeDeferredCallbacks->handle(Object(Illuminate\Http\Request), Object(Closure))
#54 C:\xampp\htdocs\Website-Portofolio\vendor\laravel\framework\src\Illuminate\Http\Middleware\ValidatePathEncoding.php(26): Illuminate\Pipeline\Pipeline->Illuminate\Pipeline\{closure}(Object(Illuminate\Http\Request))
#55 C:\xampp\htdocs\Website-Portofolio\vendor\laravel\framework\src\Illuminate\Pipeline\Pipeline.php(208): Illuminate\Http\Middleware\ValidatePathEncoding->handle(Object(Illuminate\Http\Request), Object(Closure))
#56 C:\xampp\htdocs\Website-Portofolio\vendor\laravel\framework\src\Illuminate\Pipeline\Pipeline.php(126): Illuminate\Pipeline\Pipeline->Illuminate\Pipeline\{closure}(Object(Illuminate\Http\Request))
#57 C:\xampp\htdocs\Website-Portofolio\vendor\laravel\framework\src\Illuminate\Foundation\Http\Kernel.php(175): Illuminate\Pipeline\Pipeline->then(Object(Closure))
#58 C:\xampp\htdocs\Website-Portofolio\vendor\laravel\framework\src\Illuminate\Foundation\Http\Kernel.php(144): Illuminate\Foundation\Http\Kernel->sendRequestThroughRouter(Object(Illuminate\Http\Request))
#59 C:\xampp\htdocs\Website-Portofolio\vendor\laravel\framework\src\Illuminate\Foundation\Testing\Concerns\MakesHttpRequests.php(607): Illuminate\Foundation\Http\Kernel->handle(Object(Illuminate\Http\Request))
#60 C:\xampp\htdocs\Website-Portofolio\vendor\laravel\framework\src\Illuminate\Foundation\Testing\Concerns\MakesHttpRequests.php(368): Illuminate\Foundation\Testing\TestCase->call('GET', '/', Array, Array, Array, Array)
#61 C:\xampp\htdocs\Website-Portofolio\tests\Feature\ExampleTest.php(15): Illuminate\Foundation\Testing\TestCase->get('/')
#62 C:\xampp\htdocs\Website-Portofolio\vendor\phpunit\phpunit\src\Framework\TestCase.php(1656): Tests\Feature\ExampleTest->test_the_application_returns_a_successful_response()
#63 C:\xampp\htdocs\Website-Portofolio\vendor\phpunit\phpunit\src\Framework\TestCase.php(514): PHPUnit\Framework\TestCase->runTest()
#64 C:\xampp\htdocs\Website-Portofolio\vendor\phpunit\phpunit\src\Framework\TestRunner\TestRunner.php(87): PHPUnit\Framework\TestCase->runBare()
#65 C:\xampp\htdocs\Website-Portofolio\vendor\phpunit\phpunit\src\Framework\TestCase.php(361): PHPUnit\Framework\TestRunner->run(Object(Tests\Feature\ExampleTest))
#66 C:\xampp\htdocs\Website-Portofolio\vendor\phpunit\phpunit\src\Framework\TestSuite.php(369): PHPUnit\Framework\TestCase->run()
#67 C:\xampp\htdocs\Website-Portofolio\vendor\phpunit\phpunit\src\Framework\TestSuite.php(369): PHPUnit\Framework\TestSuite->run()
#68 C:\xampp\htdocs\Website-Portofolio\vendor\phpunit\phpunit\src\Framework\TestSuite.php(369): PHPUnit\Framework\TestSuite->run()
#69 C:\xampp\htdocs\Website-Portofolio\vendor\phpunit\phpunit\src\TextUI\TestRunner.php(64): PHPUnit\Framework\TestSuite->run()
#70 C:\xampp\htdocs\Website-Portofolio\vendor\phpunit\phpunit\src\TextUI\Application.php(210): PHPUnit\TextUI\TestRunner->run(Object(PHPUnit\TextUI\Configuration\Configuration), Object(PHPUnit\Runner\ResultCache\DefaultResultCache), Object(PHPUnit\Framework\TestSuite))
#71 C:\xampp\htdocs\Website-Portofolio\vendor\phpunit\phpunit\phpunit(104): PHPUnit\TextUI\Application->run(Array)
#72 {main}

----------------------------------------------------------------------------------

SQLSTATE[HY000]: General error: 1 no such table: projects (Connection: sqlite, SQL: select * from "projects" where "is_active" = 1 order by "order" asc, "created_at" desc)

  at tests\Feature\ExampleTest.php:17
     13Γûò     public function test_the_application_returns_a_successful_response(): void
     14Γûò     {
     15Γûò         $response = $this->get('/');
     16Γûò 
  Γ₧£  17Γûò         $response->assertStatus(200);
     18Γûò     }
     19Γûò }
     20Γûò


  Tests:    1 failed, 24 passed (61 assertions)
  Duration: 3.28s

